../Core/Src/main.c:97:6:HAL_FDCAN_RxFifo0Callback	16	static
../Core/Src/main.c:136:5:main	88	static
../Core/Src/main.c:277:6:SystemClock_Config	120	static
../Core/Src/main.c:332:13:MX_FDCAN2_Init	8	static
../Core/Src/main.c:373:13:MX_ICACHE_Init	8	static
../Core/Src/main.c:402:13:MX_TIM8_Init	104	static
../Core/Src/main.c:476:13:MX_TIM12_Init	40	static
../Core/Src/main.c:516:13:MX_TIM15_Init	104	static
../Core/Src/main.c:580:13:MX_GPIO_Init	40	static
../Core/Src/main.c:632:6:MPU_Config	32	static
../Core/Src/main.c:667:6:Error_Handler	4	static,ignoring_inline_asm
