../Core/Src/main.c:97:6:HAL_FDCAN_RxFifo0Callback	16	static
../Core/Src/main.c:123:5:main	40	static
../Core/Src/main.c:213:6:SystemClock_Config	120	static
../Core/Src/main.c:271:13:MX_FDCAN2_Init	8	static
../Core/Src/main.c:314:13:MX_ICACHE_Init	8	static
../Core/Src/main.c:346:13:MX_TIM8_Init	104	static
../Core/Src/main.c:422:13:MX_TIM12_Init	40	static
../Core/Src/main.c:464:13:MX_TIM15_Init	104	static
../Core/Src/main.c:530:13:MX_GPIO_Init	40	static
../Core/Src/main.c:583:6:MPU_Config	32	static
../Core/Src/main.c:619:6:Error_Handler	4	static,ignoring_inline_asm
